nohup: ignoring input
D13 loading checkpoints:   0%|          | 0/2 [00:00<?, ?model/s]/home/data1/zhangjunhong/sr_project/sr/predictor.py:82: FutureWarning: You are using `torch.load` with `weights_only=False` (the current default value), which uses the default pickle module implicitly. It is possible to construct malicious pickle data which will execute arbitrary code during unpickling (See https://github.com/pytorch/pytorch/blob/main/SECURITY.md#untrusted-models for more details). In a future release, the default value for `weights_only` will be flipped to `True`. This limits the functions that could be executed during unpickling. Arbitrary objects will no longer be allowed to be loaded via this mode unless they are explicitly allowlisted by the user via `torch.serialization.add_safe_globals`. We recommend you start setting `weights_only=True` for any use case where you don't have full control of the loaded file. Please open an issue on GitHub for any issues related to this experimental feature.
  checkpoint = torch.load(model_save_path, map_location=device)
/home/data1/zhangjunhong/sr_project/sr/model/super_retina.py:2426: FutureWarning: You are using `torch.load` with `weights_only=False` (the current default value), which uses the default pickle module implicitly. It is possible to construct malicious pickle data which will execute arbitrary code during unpickling (See https://github.com/pytorch/pytorch/blob/main/SECURITY.md#untrusted-models for more details). In a future release, the default value for `weights_only` will be flipped to `True`. This limits the functions that could be executed during unpickling. Arbitrary objects will no longer be allowed to be loaded via this mode unless they are explicitly allowlisted by the user via `torch.serialization.add_safe_globals`. We recommend you start setting `weights_only=True` for any use case where you don't have full control of the loaded file. Please open an issue on GitHub for any issues related to this experimental feature.
  checkpoint = torch.load(model_path, map_location=device)
✅ SuperRetinaWithVesselOnly 初始化完成，vessel_weight=0.3（纯 vessel regularization）
✅ SuperRetinaWithVesselOnlyMasked 初始化完成，vessel_weight=0.3，mask_backend=morph，threshold=0.25，stage1_epochs=50，stage2_vessel_weight=0.05，schedule=three_stage，pke_geometry=constant
✅ Loaded SuperRetinaWithVesselOnlyMasked from /home/data1/zhangjunhong/sr_project/sr/res/seed3407_pke_geometric_admission/global_threshold_04/seed3407_global_threshold_04_ep149.pth (matched 40/40 tensors)
✅ Loaded SuperRetinaWithVesselOnlyMasked model (vessel_weight=0.3; inference same as vessel_only)

D13 G0_seed3407:   0%|          | 0/4 [00:00<?, ?pair/s][A
D13 G0_seed3407:  25%|██▌       | 1/4 [00:01<00:04,  1.66s/pair][A
D13 G0_seed3407:  50%|█████     | 2/4 [00:02<00:02,  1.08s/pair][A
D13 G0_seed3407:  75%|███████▌  | 3/4 [00:02<00:00,  1.12pair/s][A
D13 G0_seed3407: 100%|██████████| 4/4 [00:03<00:00,  1.31pair/s][A
                                                                [AD13 loading checkpoints:  50%|█████     | 1/2 [00:04<00:04,  4.05s/model]✅ SuperRetinaWithVesselOnly 初始化完成，vessel_weight=0.3（纯 vessel regularization）
✅ SuperRetinaWithVesselOnlyMasked 初始化完成，vessel_weight=0.3，mask_backend=morph，threshold=0.25，stage1_epochs=50，stage2_vessel_weight=0.05，schedule=three_stage，pke_geometry=constant
✅ Loaded SuperRetinaWithVesselOnlyMasked from /home/data1/zhangjunhong/sr_project/sr/res/seed3407_multiview_noncore_feedback_g4_v2/model_149.pth (matched 40/40 tensors)
✅ Loaded SuperRetinaWithVesselOnlyMasked model (vessel_weight=0.3; inference same as vessel_only)

D13 G4_seed3407:   0%|          | 0/4 [00:00<?, ?pair/s][A
D13 G4_seed3407:  25%|██▌       | 1/4 [00:00<00:01,  1.56pair/s][A
D13 G4_seed3407:  50%|█████     | 2/4 [00:01<00:01,  1.57pair/s][A
D13 G4_seed3407:  75%|███████▌  | 3/4 [00:01<00:00,  1.54pair/s][A
D13 G4_seed3407: 100%|██████████| 4/4 [00:02<00:00,  1.61pair/s][A
                                                                [AD13 loading checkpoints: 100%|██████████| 2/2 [00:06<00:00,  3.21s/model]D13 loading checkpoints: 100%|██████████| 2/2 [00:06<00:00,  3.34s/model]
Wrote D13 descriptor-region audit: /home/data1/zhangjunhong/sr_project/sr/res/seed3407_multiview_noncore_feedback_g4_v2/FIMD_149/diagnostics/descriptor_region_margin_g0_g4_d13
