nohup: ignoring input
selected matching-chain audit self-test passed
FIMD selected matching-chain audit:   0%|          | 0/6 [00:00<?, ?pair/s]/home/data1/zhangjunhong/sr_project/sr/predictor.py:82: FutureWarning: You are using `torch.load` with `weights_only=False` (the current default value), which uses the default pickle module implicitly. It is possible to construct malicious pickle data which will execute arbitrary code during unpickling (See https://github.com/pytorch/pytorch/blob/main/SECURITY.md#untrusted-models for more details). In a future release, the default value for `weights_only` will be flipped to `True`. This limits the functions that could be executed during unpickling. Arbitrary objects will no longer be allowed to be loaded via this mode unless they are explicitly allowlisted by the user via `torch.serialization.add_safe_globals`. We recommend you start setting `weights_only=True` for any use case where you don't have full control of the loaded file. Please open an issue on GitHub for any issues related to this experimental feature.
  checkpoint = torch.load(model_save_path, map_location=device)
/home/data1/zhangjunhong/sr_project/sr/model/super_retina.py:2527: FutureWarning: You are using `torch.load` with `weights_only=False` (the current default value), which uses the default pickle module implicitly. It is possible to construct malicious pickle data which will execute arbitrary code during unpickling (See https://github.com/pytorch/pytorch/blob/main/SECURITY.md#untrusted-models for more details). In a future release, the default value for `weights_only` will be flipped to `True`. This limits the functions that could be executed during unpickling. Arbitrary objects will no longer be allowed to be loaded via this mode unless they are explicitly allowlisted by the user via `torch.serialization.add_safe_globals`. We recommend you start setting `weights_only=True` for any use case where you don't have full control of the loaded file. Please open an issue on GitHub for any issues related to this experimental feature.
  checkpoint = torch.load(model_path, map_location=device)
FIMD selected matching-chain audit:  17%|█▋        | 1/6 [00:02<00:10,  2.13s/pair]FIMD selected matching-chain audit:  17%|█▋        | 1/6 [00:02<00:10,  2.13s/pair, inliers=20, method=G0, pair=39_r_t, returned=20]FIMD selected matching-chain audit:  33%|███▎      | 2/6 [00:02<00:05,  1.38s/pair, inliers=20, method=G0, pair=39_r_t, returned=20]FIMD selected matching-chain audit:  33%|███▎      | 2/6 [00:02<00:05,  1.38s/pair, inliers=11, method=G0, pair=40_r_t, returned=11]FIMD selected matching-chain audit:  50%|█████     | 3/6 [00:03<00:03,  1.17s/pair, inliers=11, method=G0, pair=40_r_t, returned=11]FIMD selected matching-chain audit:  50%|█████     | 3/6 [00:03<00:03,  1.17s/pair, inliers=13, method=G5, pair=39_r_t, returned=15]FIMD selected matching-chain audit:  67%|██████▋   | 4/6 [00:04<00:02,  1.03s/pair, inliers=13, method=G5, pair=39_r_t, returned=15]FIMD selected matching-chain audit:  67%|██████▋   | 4/6 [00:04<00:02,  1.03s/pair, inliers=8, method=G5, pair=40_r_t, returned=10] FIMD selected matching-chain audit:  83%|████████▎ | 5/6 [00:05<00:00,  1.03pair/s, inliers=8, method=G5, pair=40_r_t, returned=10]FIMD selected matching-chain audit:  83%|████████▎ | 5/6 [00:05<00:00,  1.03pair/s, inliers=9, method=G6, pair=39_r_t, returned=9] FIMD selected matching-chain audit: 100%|██████████| 6/6 [00:06<00:00,  1.09pair/s, inliers=9, method=G6, pair=39_r_t, returned=9]FIMD selected matching-chain audit: 100%|██████████| 6/6 [00:06<00:00,  1.09pair/s, inliers=12, method=G6, pair=40_r_t, returned=14]FIMD selected matching-chain audit: 100%|██████████| 6/6 [00:06<00:00,  1.07s/pair, inliers=12, method=G6, pair=40_r_t, returned=14]
✅ SuperRetinaWithVesselOnly 初始化完成，vessel_weight=0.3（纯 vessel regularization）
✅ SuperRetinaWithVesselOnlyMasked 初始化完成，vessel_weight=0.3，mask_backend=morph，threshold=0.25，stage1_epochs=50，stage2_vessel_weight=0.05，schedule=three_stage，pke_geometry=constant
✅ Loaded SuperRetinaWithVesselOnlyMasked from /home/data1/zhangjunhong/sr_project/sr/res/seed3407_pke_geometric_admission/global_threshold_04/seed3407_global_threshold_04_ep149.pth (matched 40/40 tensors)
✅ Loaded SuperRetinaWithVesselOnlyMasked model (vessel_weight=0.3; inference same as vessel_only)
✅ SuperRetinaWithVesselOnly 初始化完成，vessel_weight=0.3（纯 vessel regularization）
✅ SuperRetinaWithVesselOnlyMasked 初始化完成，vessel_weight=0.3，mask_backend=morph，threshold=0.25，stage1_epochs=50，stage2_vessel_weight=0.05，schedule=three_stage，pke_geometry=constant
✅ Loaded SuperRetinaWithVesselOnlyMasked from /home/data1/zhangjunhong/sr_project/sr/res/seed3407_descriptor_chunked_g5_v1/model_149.pth (matched 40/40 tensors)
✅ Loaded SuperRetinaWithVesselOnlyMasked model (vessel_weight=0.3; inference same as vessel_only)
✅ SuperRetinaWithVesselOnly 初始化完成，vessel_weight=0.3（纯 vessel regularization）
✅ SuperRetinaWithVesselOnlyMasked 初始化完成，vessel_weight=0.3，mask_backend=morph，threshold=0.25，stage1_epochs=50，stage2_vessel_weight=0.05，schedule=three_stage，pke_geometry=constant
✅ SuperRetinaWithDecoupledMultiScaleDescriptor 初始化完成，共享层=conv1-conv2，独立描述子层=conv3-conv4，多尺度融合=conv2/3/4
✅ Loaded SuperRetinaWithVesselOnlyMasked from /home/data1/zhangjunhong/sr_project/sr/res/seed3407_decoupled_multiscale_g6_v1/model_149.pth (matched 54/54 tensors)
✅ Loaded G6 decoupled multi-scale descriptor model (shared conv1-conv2; descriptor-specific conv3-conv4)
Wrote selected matching-chain audit: /home/data1/zhangjunhong/sr_project/sr/res/seed3407_pke_geometric_admission/global_threshold_04/FIMD_149/diagnostics/selected_chain_g0_g5_g6_d17
