FIMD selected matching-chain audit:   0%|          | 0/6 [00:00<?, ?pair/s]/home/data1/zhangjunhong/sr_project/sr/predictor.py:82: FutureWarning: You are using `torch.load` with `weights_only=False` (the current default value), which uses the default pickle module implicitly. It is possible to construct malicious pickle data which will execute arbitrary code during unpickling (See https://github.com/pytorch/pytorch/blob/main/SECURITY.md#untrusted-models for more details). In a future release, the default value for `weights_only` will be flipped to `True`. This limits the functions that could be executed during unpickling. Arbitrary objects will no longer be allowed to be loaded via this mode unless they are explicitly allowlisted by the user via `torch.serialization.add_safe_globals`. We recommend you start setting `weights_only=True` for any use case where you don't have full control of the loaded file. Please open an issue on GitHub for any issues related to this experimental feature.
  checkpoint = torch.load(model_save_path, map_location=device)
/home/data1/zhangjunhong/sr_project/sr/model/super_retina.py:2761: FutureWarning: You are using `torch.load` with `weights_only=False` (the current default value), which uses the default pickle module implicitly. It is possible to construct malicious pickle data which will execute arbitrary code during unpickling (See https://github.com/pytorch/pytorch/blob/main/SECURITY.md#untrusted-models for more details). In a future release, the default value for `weights_only` will be flipped to `True`. This limits the functions that could be executed during unpickling. Arbitrary objects will no longer be allowed to be loaded via this mode unless they are explicitly allowlisted by the user via `torch.serialization.add_safe_globals`. We recommend you start setting `weights_only=True` for any use case where you don't have full control of the loaded file. Please open an issue on GitHub for any issues related to this experimental feature.
  checkpoint = torch.load(model_path, map_location=device)
FIMD selected matching-chain audit:  17%|█▋        | 1/6 [00:01<00:09,  1.88s/pair]FIMD selected matching-chain audit:  17%|█▋        | 1/6 [00:01<00:09,  1.88s/pair, inliers=20, method=G0, pair=39_r_t, returned=20]FIMD selected matching-chain audit:  33%|███▎      | 2/6 [00:02<00:05,  1.27s/pair, inliers=20, method=G0, pair=39_r_t, returned=20]FIMD selected matching-chain audit:  33%|███▎      | 2/6 [00:02<00:05,  1.27s/pair, inliers=11, method=G0, pair=40_r_t, returned=11]FIMD selected matching-chain audit:  50%|█████     | 3/6 [00:03<00:03,  1.26s/pair, inliers=11, method=G0, pair=40_r_t, returned=11]FIMD selected matching-chain audit:  50%|█████     | 3/6 [00:03<00:03,  1.26s/pair, inliers=17, method=G7, pair=39_r_t, returned=18]FIMD selected matching-chain audit:  67%|██████▋   | 4/6 [00:04<00:02,  1.06s/pair, inliers=17, method=G7, pair=39_r_t, returned=18]FIMD selected matching-chain audit:  67%|██████▋   | 4/6 [00:04<00:02,  1.06s/pair, inliers=11, method=G7, pair=40_r_t, returned=11]FIMD selected matching-chain audit:  83%|████████▎ | 5/6 [00:05<00:00,  1.04pair/s, inliers=11, method=G7, pair=40_r_t, returned=11]FIMD selected matching-chain audit:  83%|████████▎ | 5/6 [00:05<00:00,  1.04pair/s, inliers=21, method=G15, pair=39_r_t, returned=22]FIMD selected matching-chain audit: 100%|██████████| 6/6 [00:06<00:00,  1.12pair/s, inliers=21, method=G15, pair=39_r_t, returned=22]FIMD selected matching-chain audit: 100%|██████████| 6/6 [00:06<00:00,  1.12pair/s, inliers=11, method=G15, pair=40_r_t, returned=11]FIMD selected matching-chain audit: 100%|██████████| 6/6 [00:06<00:00,  1.04s/pair, inliers=11, method=G15, pair=40_r_t, returned=11]
✅ SuperRetinaWithVesselOnly 初始化完成，vessel_weight=0.3（纯 vessel regularization）
✅ SuperRetinaWithVesselOnlyMasked 初始化完成，vessel_weight=0.3，mask_backend=morph，threshold=0.25，stage1_epochs=50，stage2_vessel_weight=0.05，schedule=three_stage，pke_geometry=constant
✅ Loaded SuperRetinaWithVesselOnlyMasked from /home/data1/zhangjunhong/sr_project/sr/res/seed3407_pke_geometric_admission/global_threshold_04/seed3407_global_threshold_04_ep149.pth (matched 40/40 tensors)
✅ Loaded SuperRetinaWithVesselOnlyMasked model (vessel_weight=0.3; inference same as vessel_only)
✅ SuperRetinaWithVesselOnly 初始化完成，vessel_weight=0.3（纯 vessel regularization）
✅ SuperRetinaWithVesselOnlyMasked 初始化完成，vessel_weight=0.3，mask_backend=morph，threshold=0.25，stage1_epochs=50，stage2_vessel_weight=0.05，schedule=three_stage，pke_geometry=constant
✅ SuperRetinaWithResidualMultiScaleDescriptor 初始化完成，G0描述子主路径保留，多尺度残差=conv2/3，初始门控=0.1000
✅ Loaded SuperRetinaWithVesselOnlyMasked from /home/data1/zhangjunhong/sr_project/sr/res/seed3407_residual_multiscale_g7_v1/model_149.pth (matched 49/49 tensors)
✅ Loaded G7 residual multi-scale descriptor model (G0 main descriptor path; gated conv2-conv3 residual)
✅ SuperRetinaWithVesselOnly 初始化完成，vessel_weight=0.3（纯 vessel regularization）
✅ SuperRetinaWithVesselOnlyMasked 初始化完成，vessel_weight=0.3，mask_backend=morph，threshold=0.25，stage1_epochs=50，stage2_vessel_weight=0.05，schedule=three_stage，pke_geometry=constant
✅ SuperRetinaWithResidualMultiScaleDescriptor 初始化完成，G0描述子主路径保留，多尺度残差=conv2/3，初始门控=0.1000
SuperRetinaWithZeroStartResidualMultiScaleDescriptor initialized: descriptor residual projection starts at zero
✅ Loaded SuperRetinaWithVesselOnlyMasked from /home/data1/zhangjunhong/sr_project/sr/res/seed3407_zero_start_multiscale_g15_v1/model_149.pth (matched 51/51 tensors)
Loaded G15 zero-start residual multi-scale model
Wrote selected matching-chain audit: /home/data1/zhangjunhong/sr_project/sr/res/seed3407_zero_start_multiscale_g15_v1/FIMD_149/diagnostics/selected_chain_g0_g7_g15_d25
